// Jest Snapshot v1, https://goo.gl/fbAQLP

exports[`public API exports the same names with the same kinds 1`] = `
Object {
  "Attachment": "react:react.memo",
  "Avatar": "function",
  "Channel": "function",
  "ChannelDetails": "function",
  "ChannelList": "function",
  "ChannelSearch": "function",
  "Chat": "function",
  "ChatHeader": "function",
  "CreateChannel": "function",
  "CustomLoadErrorStateComponent": "undefined",
  "DropDown": "function",
  "EmojisPopup": "function",
  "ForwardMessagePopup": "function",
  "FrequentlyEmojis": "function",
  "IForwardMessageNote": "undefined",
  "IForwardPreviewMessage": "undefined",
  "ILoadErrorStateProps": "undefined",
  "MESSAGE_TYPE": "object",
  "MessageList": "function",
  "MessageStatusIcon": "function",
  "MessageTextFormat": "function",
  "MessagesScrollToBottomButton": "function",
  "MessagesScrollToUnreadMentionsButton": "function",
  "MessagesSearch": "function",
  "OGMetadata": "function",
  "PollMessage": "function",
  "SceytChat": "function",
  "SceytChatUIKitTheme": "undefined",
  "SendMessage": "function",
  "THEME_COLORS": "object",
  "ThemeMode": "undefined",
  "blockUsers": "function",
  "createOrGetDirectChannel": "function",
  "extractUrlMatches": "function",
  "handleGetMessage": "function",
  "handleSendMessage": "function",
  "switchChannelActiveChannel": "function",
  "unBlockUsers": "function",
}
`;
